INSTANCES
▸ aaa-up       sssonector@aaa-up        port :9443  tun 10.77.0.1/24     peers 2    up     41m      ●
  bbb-err      sssonector@bbb-err       port :9444  tun 10.77.0.2/24     peers 3    down   42m      ⚠
  ccc-never    sssonector@ccc-never     port :9445  tun 10.77.0.3/24     peers 4    never  43m      ✖
