INSTANCES
▸ client-a     sssonector@client-a      port :9443  tun 10.77.0.1/24     peers 2    up     41m      ●
  client-b     sssonector@client-b      port :9444  tun 10.77.0.2/24     peers 3    down   42m      ✖
  client-c     sssonector@client-c      port :9445  tun 10.77.0.3/24     peers 4    never  43m      ✖
  client-d     sssonector@client-d      port :9446  tun 10.77.0.4/24     peers 5    never  44m      ✖
