SSSonector tui (bubbletea v1.3.6)
daemon: RUNNING (pid 8100)

INSTANCES
  default      sssonector               port :9443  tun 10.77.0.1/24     peers 3    up     —        ●

TUNNEL
  state    ● up
  peers    3
  tun      10.77.0.1/24
  since    2h14m

NAT
  fwd      1204551
  ret      1190003
  dropped  12 (ACL denies 8)
  flows    47
  accepts  63

RATE LIMITER
  hits in   812
  hits out  634
  rate      50.0 MB/s
  burst     100.0 MB/s

CERTIFICATE
  issuer    CN=sssonector-instance-ca,O=pa-fleet-11
  expires   2026-11-14 (64d)

LOG
  13:59:57 [default] listener :9443 ready

footer: [s]top [r]estart [R]eload act on FOCUSED instance  [c]onfig  [g]enerate client bundle  [q]uit
